core_cm0plus.h:804:22:NVIC_SetPriority	24	static
logger.c:29:6:Init_SysTick	8	static
logger.c:37:6:SysTick_Handler	8	static
logger.c:44:6:log_enable	8	static
logger.c:49:6:log_disable	8	static
logger.c:55:7:log_status	8	static
logger.c:68:6:log_data	40	static
logger.c:97:6:log_string	16	static
logger.c:119:6:log_temp	32	static
logger.c:137:6:log_int	16	static
logger.c:157:6:log_time	32	static
logger.c:186:6:printLevel	16	static
logger.c:202:6:printFunction	16	static
logger.c:271:11:convert	32	static
