core_cm0plus.h:745:22:NVIC_EnableIRQ	16	static
core_cm0plus.h:791:22:NVIC_ClearPendingIRQ	16	static
core_cm0plus.h:804:22:NVIC_SetPriority	24	static
stdio.h:157:12:fputc	16	static
stdio.h:154:12:fgetc	16	static
uart.c:49:6:Init_UART0	24	static
uart.c:125:6:UART0_Transmit	16	static
uart.c:135:6:UART0_Transmit_Poll_NoBuff	16	static
uart.c:141:9:UART0_Receive	16	static
uart.c:154:6:UART0_IRQHandler	24	static
uart.c:207:6:Send_String_Poll	16	static
uart.c:214:6:Send_String	24	static
uart.c:229:6:echo	32	static
uart.c:250:10:Rx_Chars_Available	8	static
uart.c:254:9:Get_Rx_Char	8	static
